��N a m e d   a r g u m e n t s   t e s t  
 